{
  "defaults": {
    "packages": {
      "types": {
        "enum": {
          "failureMode": "error"
        },
        "mappers": {
          "forward": {
            "name": "Map{{ .Source.Type }}To{{ .Target.Type }}",
            "signature": {
              "accepts": 0,
              "returns": 1
            }
          },
          "inverse": {
            "name": "Map{{ .Target.Type }}To{{ .Source.Type }}",
            "signature": {
              "accepts": 1,
              "returns": 0
            }
          }
        },
        "bidirectional": true
      },
      "output": {
        "strategy": 0,
        "path": "internal/mapping",
        "package": "mapping",
        "filename": "mapping.morph.go"
      }
    }
  },
  "discovery": {
    "packages": [
      "module.test/shared/conversions"
    ],
    "functions": [
      {
        "ImportPath": "module.test/shared/conversions",
        "TypeName": "",
        "Name": "CheckedIntToSmallInt"
      },
      {
        "ImportPath": "module.test/shared/conversions",
        "TypeName": "UserID",
        "Name": "String"
      }
    ],
    "exclusions": [
      {
        "ImportPath": "module.test/shared/conversions",
        "TypeName": "",
        "Name": "LegacyUserToUser"
      },
      {
        "ImportPath": "module.test/shared/conversions",
        "TypeName": "LegacyStatus",
        "Name": "ToStatus"
      }
    ]
  },
  "packages": [
    {
      "source": "module.test/source",
      "target": "module.test/target",
      "preset": "api",
      "types": [
        {
          "name": "User",
          "source": "",
          "target": "",
          "preset": "",
          "enum": null,
          "struct": {
            "fields": {
              "DisplayName": "Name",
              "ID": "UserID"
            }
          },
          "mappers": {
            "forward": {
              "name": "MapSourceUserToTargetUser",
              "signature": {
                "accepts": 1,
                "returns": 0
              }
            },
            "inverse": {
              "name": "MapTargetUserToSourceUser",
              "signature": {
                "accepts": 0,
                "returns": 1
              }
            }
          },
          "bidirectional": null
        },
        {
          "name": "",
          "source": "SourceStatus",
          "target": "TargetStatus",
          "preset": "",
          "enum": {
            "failureMode": "zero",
            "patterns": {
              "Source": "SourceStatus_\u003cSCREAMING_VALUE\u003e",
              "Target": "TargetStatus\u003cPascalValue\u003e"
            },
            "values": {
              "SourceStatus_ACTIVE": "TargetStatusActive",
              "SourceStatus_UNKNOWN": "TargetStatusUnknown"
            }
          },
          "struct": null,
          "mappers": null,
          "bidirectional": null
        }
      ],
      "output": {
        "strategy": null,
        "path": "",
        "package": "",
        "filename": ""
      },
      "bidirectional": true
    },
    {
      "source": "module.test/database",
      "target": "module.test/domain",
      "preset": "",
      "types": [
        {
          "name": "AuditLog",
          "source": "",
          "target": "",
          "preset": "",
          "enum": null,
          "struct": null,
          "mappers": null,
          "bidirectional": null
        },
        {
          "name": "",
          "source": "DBRole",
          "target": "Role",
          "preset": "",
          "enum": {
            "failureMode": "error",
            "patterns": null,
            "values": {
              "DBRoleAdmin": "RoleAdmin"
            }
          },
          "struct": null,
          "mappers": null,
          "bidirectional": null
        }
      ],
      "output": {
        "strategy": null,
        "path": "",
        "package": "",
        "filename": ""
      },
      "bidirectional": null
    }
  ],
  "presets": [
    {
      "name": "api",
      "enum": {
        "failureMode": "error"
      },
      "mappers": {
        "forward": {
          "name": "Map{{ .Target.Package }}{{ .Target.Type }}FromAPI",
          "signature": {
            "accepts": 1,
            "returns": 0
          }
        },
        "inverse": {
          "name": "Map{{ .Target.Package}}{{ .Target.Type }}ToAPI",
          "signature": {
            "accepts": 0,
            "returns": 1
          }
        }
      },
      "bidirectional": true
    }
  ]
}